// Jest Snapshot v1, https://goo.gl/fbAQLP

exports[`matches snapshot 1`] = `
<div
  data-testid="user-1"
>
  <h1
    style={
      Object {
        "color": "red",
      }
    }
  >
    Jayahari
  </h1>
</div>
`;
